provider retention mirror contention: PASS (contexts=520 queues=3328 bytes)
provider retention mirror authority: PASS (contexts=520 queues=3328 bytes)
provider retention mirror reserved-close: PASS (contexts=520 queues=3328 bytes)
provider retention mirror destroy-republish: PASS (contexts=520 queues=3328 bytes)
provider retention mirror reuse: PASS (contexts=520 queues=3328 bytes)
provider retention mirror notify-close: PASS (contexts=520 queues=3328 bytes)
provider retention mirror notify-pair: PASS (contexts=520 queues=3328 bytes)
provider retention mirror notify-context: PASS (contexts=520 queues=3328 bytes)
provider retention mirror close-notify: PASS (contexts=520 queues=3328 bytes)
provider retention mirror close-wins: PASS (contexts=520 queues=3328 bytes)
provider retention mirror pair-wins: PASS (contexts=520 queues=3328 bytes)
provider retention mirror context-wins: PASS (contexts=520 queues=3328 bytes)
provider retention mirror stale-started: PASS (contexts=520 queues=3328 bytes)
provider retention mirror stale-observed: PASS (contexts=520 queues=3328 bytes)
provider retention mirror publish-allocated: PASS (contexts=520 queues=3328 bytes)
provider retention mirror publish-admitted: PASS (contexts=520 queues=3328 bytes)
provider retention mirror transfer-inflight: PASS (contexts=520 queues=3328 bytes)
provider retention mirror revoke-inflight: PASS (contexts=520 queues=3328 bytes)
provider retention mirror endpoint-max: PASS (contexts=520 queues=3328 bytes)
provider retention mirror generation-max: PASS (contexts=520 queues=3328 bytes)
provider retention mirror claimed-slot-publication: PASS (contexts=520 queues=3328 bytes)
