Resident shell: normal PASS
Resident shell: wake-host PASS
Resident shell: streams PASS
Resident shell: stream-retained PASS
Resident shell: busy PASS
Resident shell: exit PASS
Resident shell: home PASS
Resident shell: file-open PASS
Resident shell: descriptor PASS
Resident shell: init-failure PASS
Resident shell: load-failure PASS
Resident shell: context-oom PASS
Resident shell: inventory-oom PASS
Resident shell: names-oom PASS
Resident shell: child-retained PASS
Resident shell: callback-retained PASS
Resident shell: fini-retained PASS
Resident shell: native-retained PASS
Resident shell: invalid-callback PASS
Resident shell: provider-retained PASS
Resident shell: release-retained PASS
Resident policy refusal PASS
Resident policy refusal PASS
Resident policy refusal PASS
Resident policy refusal PASS
Resident policy refusal PASS
Resident shell: failure-callback-retained PASS
Resident shell: prelaunch-retained PASS
Resident shell: register-retained PASS
