Resident legacy: direct PASS
Resident legacy: repeated-chain PASS
Resident legacy: unconsumed-continuation PASS
Resident legacy: legacy-home PASS
Resident legacy: legacy-launch-default PASS
Resident legacy: legacy-launch-legacy PASS
Resident legacy: child-launch-legacy PASS
Resident legacy: legacy-launch-resident PASS
Resident legacy: denied PASS
Resident legacy: legacy-empty PASS
Resident legacy: legacy-absent PASS
Resident legacy: host-init-failure PASS
Resident legacy: child-init-failure PASS
Resident legacy: child-load-failure PASS
Resident legacy: legacy-init-failure PASS
Resident legacy: legacy-load-failure PASS
Resident legacy: reload-host-init-failure PASS
Resident legacy: reload-host-load-failure PASS
Resident legacy: file-resident-legacy PASS
Resident legacy: file-resident-legacy-home PASS
Resident legacy: file-resident-legacy-init-failure PASS
Resident legacy: file-resident-legacy-load-failure PASS
Resident legacy: file-legacy-resident PASS
Resident legacy: file-legacy-resident-home PASS
Resident legacy: file-legacy-resident-init-failure PASS
Resident legacy: file-legacy-resident-load-failure PASS
Resident legacy: host-init-retained PASS
Resident legacy: host-entry-retained PASS
Resident legacy: host-fini-retained PASS
Resident legacy: host-grant-retained PASS
Resident legacy: host-stream-retained PASS
Resident legacy: host-unload-retained PASS
Resident legacy: child-init-retained PASS
Resident legacy: child-entry-retained PASS
Resident legacy: child-fini-retained PASS
Resident legacy: child-grant-retained PASS
Resident legacy: child-stream-retained PASS
Resident legacy: child-unload-retained PASS
Resident legacy: legacy-init-retained PASS
Resident legacy: legacy-entry-retained PASS
Resident legacy: legacy-fini-retained PASS
Resident legacy: legacy-grant-retained PASS
Resident legacy: legacy-stream-retained PASS
Resident legacy: legacy-unload-retained PASS
Resident legacy: legacy-explicit-retained PASS
Resident legacy: file-resident-legacy-home-retained PASS
Resident legacy: file-legacy-resident-home-retained PASS
Resident legacy: policy-legacy-null PASS
Resident legacy: policy-legacy-string PASS
Resident legacy: policy-legacy-object PASS
Resident legacy: policy-legacy-number PASS
Resident legacy: policy-legacy-bool PASS
Resident legacy: policy-legacy-item-null PASS
Resident legacy: policy-legacy-item-number PASS
Resident legacy: policy-legacy-duplicate PASS
Resident legacy: policy-legacy-host PASS
Resident legacy: policy-legacy-foreground PASS
Resident legacy: policy-legacy-unadmitted PASS
Resident legacy: policy-legacy-traversal PASS
Resident legacy: policy-legacy-absolute PASS
Resident legacy: policy-unknown PASS
