Resident shell: normal PASS
Resident shell: file-open PASS
Resident shell: loading-chain PASS
Resident shell: loading-busy PASS
Resident shell: loading-chain-busy PASS
Resident shell: loading-retained PASS
Resident shell: loading-invalid PASS
Resident shell: loading-native-retained PASS
Resident shell: loading-provider-retained PASS
Resident shell: loading-old-prefix PASS
Resident shell: loading-partial-prefix PASS
Resident shell: loading-null PASS
Resident shell: load-failure PASS
Resident shell: init-failure PASS
Resident shell: descriptor PASS
Resident shell: child-retained PASS
Resident legacy: direct PASS
Resident legacy: child-launch-legacy PASS
Resident legacy: legacy-launch-resident PASS
Resident legacy: repeated-chain PASS
Resident legacy: file-resident-legacy PASS
Resident legacy: file-resident-legacy-init-failure PASS
Resident legacy: file-resident-legacy-load-failure PASS
Resident legacy: file-legacy-resident PASS
Resident legacy: file-legacy-resident-init-failure PASS
Resident legacy: file-legacy-resident-load-failure PASS
Resident legacy: loading-resume-busy PASS
Resident legacy: file-legacy-resident-loading-busy PASS
Resident legacy: file-resident-legacy-loading-busy PASS
Resident legacy: child-fini-retained PASS
Resident legacy: child-grant-retained PASS
Resident legacy: child-unload-retained PASS
