uncached /workspace/shared/x4-home-image-050/assembled/store/alarms.elf descriptor=01000000100000000200000000000000 app_main=resolved app_module_init=resolved app_module_fini=resolved PASS
cache-miss /workspace/shared/x4-home-image-050/assembled/store/alarms.elf descriptor=01000000100000000200000000000000 app_main=resolved app_module_init=resolved app_module_fini=resolved PASS
cache-hit /workspace/shared/x4-home-image-050/assembled/store/alarms.elf descriptor=01000000100000000200000000000000 app_main=resolved app_module_init=resolved app_module_fini=resolved PASS
uncached /workspace/shared/x4-home-image-050/assembled/store/app_store.elf descriptor=01000000100000000200000000000000 app_main=resolved app_module_init=resolved app_module_fini=resolved PASS
cache-miss /workspace/shared/x4-home-image-050/assembled/store/app_store.elf descriptor=01000000100000000200000000000000 app_main=resolved app_module_init=resolved app_module_fini=resolved PASS
cache-hit /workspace/shared/x4-home-image-050/assembled/store/app_store.elf descriptor=01000000100000000200000000000000 app_main=resolved app_module_init=resolved app_module_fini=resolved PASS
uncached /workspace/shared/x4-home-image-050/assembled/store/battery.elf descriptor=01000000100000000200000000000000 app_main=resolved app_module_init=resolved app_module_fini=resolved PASS
cache-miss /workspace/shared/x4-home-image-050/assembled/store/battery.elf descriptor=01000000100000000200000000000000 app_main=resolved app_module_init=resolved app_module_fini=resolved PASS
cache-hit /workspace/shared/x4-home-image-050/assembled/store/battery.elf descriptor=01000000100000000200000000000000 app_main=resolved app_module_init=resolved app_module_fini=resolved PASS
uncached /workspace/shared/x4-home-image-050/assembled/store/ble_buttons.elf descriptor=01000000100000000200000000000000 app_main=resolved app_module_init=resolved app_module_fini=resolved PASS
cache-miss /workspace/shared/x4-home-image-050/assembled/store/ble_buttons.elf descriptor=01000000100000000200000000000000 app_main=resolved app_module_init=resolved app_module_fini=resolved PASS
cache-hit /workspace/shared/x4-home-image-050/assembled/store/ble_buttons.elf descriptor=01000000100000000200000000000000 app_main=resolved app_module_init=resolved app_module_fini=resolved PASS
uncached /workspace/shared/x4-home-image-050/assembled/store/ble_scanner.elf descriptor=01000000100000000200000000000000 app_main=resolved app_module_init=resolved app_module_fini=resolved PASS
cache-miss /workspace/shared/x4-home-image-050/assembled/store/ble_scanner.elf descriptor=01000000100000000200000000000000 app_main=resolved app_module_init=resolved app_module_fini=resolved PASS
cache-hit /workspace/shared/x4-home-image-050/assembled/store/ble_scanner.elf descriptor=01000000100000000200000000000000 app_main=resolved app_module_init=resolved app_module_fini=resolved PASS
uncached /workspace/shared/x4-home-image-050/assembled/store/ble_touchpad.elf descriptor=01000000100000000200000000000000 app_main=resolved app_module_init=resolved app_module_fini=resolved PASS
cache-miss /workspace/shared/x4-home-image-050/assembled/store/ble_touchpad.elf descriptor=01000000100000000200000000000000 app_main=resolved app_module_init=resolved app_module_fini=resolved PASS
cache-hit /workspace/shared/x4-home-image-050/assembled/store/ble_touchpad.elf descriptor=01000000100000000200000000000000 app_main=resolved app_module_init=resolved app_module_fini=resolved PASS
uncached /workspace/shared/x4-home-image-050/assembled/store/calculator.elf descriptor=01000000100000000200000000000000 app_main=resolved app_module_init=resolved app_module_fini=resolved PASS
cache-miss /workspace/shared/x4-home-image-050/assembled/store/calculator.elf descriptor=01000000100000000200000000000000 app_main=resolved app_module_init=resolved app_module_fini=resolved PASS
cache-hit /workspace/shared/x4-home-image-050/assembled/store/calculator.elf descriptor=01000000100000000200000000000000 app_main=resolved app_module_init=resolved app_module_fini=resolved PASS
uncached /workspace/shared/x4-home-image-050/assembled/store/contexts.elf descriptor=01000000100000000200000000000000 app_main=resolved app_module_init=resolved app_module_fini=resolved PASS
cache-miss /workspace/shared/x4-home-image-050/assembled/store/contexts.elf descriptor=01000000100000000200000000000000 app_main=resolved app_module_init=resolved app_module_fini=resolved PASS
cache-hit /workspace/shared/x4-home-image-050/assembled/store/contexts.elf descriptor=01000000100000000200000000000000 app_main=resolved app_module_init=resolved app_module_fini=resolved PASS
uncached /workspace/shared/x4-home-image-050/assembled/store/countdown.elf descriptor=01000000100000000200000000000000 app_main=resolved app_module_init=resolved app_module_fini=resolved PASS
cache-miss /workspace/shared/x4-home-image-050/assembled/store/countdown.elf descriptor=01000000100000000200000000000000 app_main=resolved app_module_init=resolved app_module_fini=resolved PASS
cache-hit /workspace/shared/x4-home-image-050/assembled/store/countdown.elf descriptor=01000000100000000200000000000000 app_main=resolved app_module_init=resolved app_module_fini=resolved PASS
uncached /workspace/shared/x4-home-image-050/assembled/store/default.elf descriptor=01000000100000000100000000000000 app_main=resolved app_module_init=resolved app_module_fini=resolved PASS
cache-miss /workspace/shared/x4-home-image-050/assembled/store/default.elf descriptor=01000000100000000100000000000000 app_main=resolved app_module_init=resolved app_module_fini=resolved PASS
cache-hit /workspace/shared/x4-home-image-050/assembled/store/default.elf descriptor=01000000100000000100000000000000 app_main=resolved app_module_init=resolved app_module_fini=resolved PASS
uncached /workspace/shared/x4-home-image-050/assembled/store/file_browser.elf descriptor=01000000100000000200000000000000 app_main=resolved app_module_init=resolved app_module_fini=resolved PASS
cache-miss /workspace/shared/x4-home-image-050/assembled/store/file_browser.elf descriptor=01000000100000000200000000000000 app_main=resolved app_module_init=resolved app_module_fini=resolved PASS
cache-hit /workspace/shared/x4-home-image-050/assembled/store/file_browser.elf descriptor=01000000100000000200000000000000 app_main=resolved app_module_init=resolved app_module_fini=resolved PASS
uncached /workspace/shared/x4-home-image-050/assembled/store/ota_update.elf descriptor=01000000100000000200000000000000 app_main=resolved app_module_init=resolved app_module_fini=resolved PASS
cache-miss /workspace/shared/x4-home-image-050/assembled/store/ota_update.elf descriptor=01000000100000000200000000000000 app_main=resolved app_module_init=resolved app_module_fini=resolved PASS
cache-hit /workspace/shared/x4-home-image-050/assembled/store/ota_update.elf descriptor=01000000100000000200000000000000 app_main=resolved app_module_init=resolved app_module_fini=resolved PASS
uncached /workspace/shared/x4-home-image-050/assembled/store/points_in_time.elf descriptor=01000000100000000200000000000000 app_main=resolved app_module_init=resolved app_module_fini=resolved PASS
cache-miss /workspace/shared/x4-home-image-050/assembled/store/points_in_time.elf descriptor=01000000100000000200000000000000 app_main=resolved app_module_init=resolved app_module_fini=resolved PASS
cache-hit /workspace/shared/x4-home-image-050/assembled/store/points_in_time.elf descriptor=01000000100000000200000000000000 app_main=resolved app_module_init=resolved app_module_fini=resolved PASS
uncached /workspace/shared/x4-home-image-050/assembled/store/settings.elf descriptor=01000000100000000200000000000000 app_main=resolved app_module_init=resolved app_module_fini=resolved PASS
cache-miss /workspace/shared/x4-home-image-050/assembled/store/settings.elf descriptor=01000000100000000200000000000000 app_main=resolved app_module_init=resolved app_module_fini=resolved PASS
cache-hit /workspace/shared/x4-home-image-050/assembled/store/settings.elf descriptor=01000000100000000200000000000000 app_main=resolved app_module_init=resolved app_module_fini=resolved PASS
uncached /workspace/shared/x4-home-image-050/assembled/store/springboard.elf descriptor=01000000100000000200000000000000 app_main=resolved app_module_init=resolved app_module_fini=resolved PASS
cache-miss /workspace/shared/x4-home-image-050/assembled/store/springboard.elf descriptor=01000000100000000200000000000000 app_main=resolved app_module_init=resolved app_module_fini=resolved PASS
cache-hit /workspace/shared/x4-home-image-050/assembled/store/springboard.elf descriptor=01000000100000000200000000000000 app_main=resolved app_module_init=resolved app_module_fini=resolved PASS
uncached /workspace/shared/x4-home-image-050/assembled/store/stopwatch.elf descriptor=01000000100000000200000000000000 app_main=resolved app_module_init=resolved app_module_fini=resolved PASS
cache-miss /workspace/shared/x4-home-image-050/assembled/store/stopwatch.elf descriptor=01000000100000000200000000000000 app_main=resolved app_module_init=resolved app_module_fini=resolved PASS
cache-hit /workspace/shared/x4-home-image-050/assembled/store/stopwatch.elf descriptor=01000000100000000200000000000000 app_main=resolved app_module_init=resolved app_module_fini=resolved PASS
uncached /workspace/shared/x4-home-image-050/assembled/store/timecard.elf descriptor=01000000100000000200000000000000 app_main=resolved app_module_init=resolved app_module_fini=resolved PASS
cache-miss /workspace/shared/x4-home-image-050/assembled/store/timecard.elf descriptor=01000000100000000200000000000000 app_main=resolved app_module_init=resolved app_module_fini=resolved PASS
cache-hit /workspace/shared/x4-home-image-050/assembled/store/timecard.elf descriptor=01000000100000000200000000000000 app_main=resolved app_module_init=resolved app_module_fini=resolved PASS
uncached /workspace/shared/x4-home-image-050/assembled/store/usb_sd_transfer.elf descriptor=01000000100000000200000000000000 app_main=resolved app_module_init=resolved app_module_fini=resolved PASS
cache-miss /workspace/shared/x4-home-image-050/assembled/store/usb_sd_transfer.elf descriptor=01000000100000000200000000000000 app_main=resolved app_module_init=resolved app_module_fini=resolved PASS
cache-hit /workspace/shared/x4-home-image-050/assembled/store/usb_sd_transfer.elf descriptor=01000000100000000200000000000000 app_main=resolved app_module_init=resolved app_module_fini=resolved PASS
uncached /workspace/shared/x4-home-image-050/assembled/store/waterfall.elf descriptor=01000000100000000200000000000000 app_main=resolved app_module_init=resolved app_module_fini=resolved PASS
cache-miss /workspace/shared/x4-home-image-050/assembled/store/waterfall.elf descriptor=01000000100000000200000000000000 app_main=resolved app_module_init=resolved app_module_fini=resolved PASS
cache-hit /workspace/shared/x4-home-image-050/assembled/store/waterfall.elf descriptor=01000000100000000200000000000000 app_main=resolved app_module_init=resolved app_module_fini=resolved PASS
uncached /workspace/shared/x4-home-image-050/assembled/store/wifi_settings.elf descriptor=01000000100000000200000000000000 app_main=resolved app_module_init=resolved app_module_fini=resolved PASS
cache-miss /workspace/shared/x4-home-image-050/assembled/store/wifi_settings.elf descriptor=01000000100000000200000000000000 app_main=resolved app_module_init=resolved app_module_fini=resolved PASS
cache-hit /workspace/shared/x4-home-image-050/assembled/store/wifi_settings.elf descriptor=01000000100000000200000000000000 app_main=resolved app_module_init=resolved app_module_fini=resolved PASS
uncached /tmp/tmp.LVuQ3bCnqG/absolute.elf descriptor=absent app_main=resolved app_module_init=resolved app_module_fini=resolved PASS
cache-miss /tmp/tmp.LVuQ3bCnqG/absolute.elf descriptor=absent app_main=resolved app_module_init=resolved app_module_fini=resolved PASS
cache-hit /tmp/tmp.LVuQ3bCnqG/absolute.elf descriptor=absent app_main=resolved app_module_init=resolved app_module_fini=resolved PASS
uncached /tmp/tmp.LVuQ3bCnqG/below-start.elf descriptor=absent app_main=resolved app_module_init=resolved app_module_fini=resolved PASS
cache-miss /tmp/tmp.LVuQ3bCnqG/below-start.elf descriptor=absent app_main=resolved app_module_init=resolved app_module_fini=resolved PASS
cache-hit /tmp/tmp.LVuQ3bCnqG/below-start.elf descriptor=absent app_main=resolved app_module_init=resolved app_module_fini=resolved PASS
uncached /tmp/tmp.LVuQ3bCnqG/cross-bss.elf descriptor=absent app_main=resolved app_module_init=resolved app_module_fini=resolved PASS
cache-miss /tmp/tmp.LVuQ3bCnqG/cross-bss.elf descriptor=absent app_main=resolved app_module_init=resolved app_module_fini=resolved PASS
cache-hit /tmp/tmp.LVuQ3bCnqG/cross-bss.elf descriptor=absent app_main=resolved app_module_init=resolved app_module_fini=resolved PASS
uncached /tmp/tmp.LVuQ3bCnqG/cross-data.elf descriptor=absent app_main=resolved app_module_init=resolved app_module_fini=resolved PASS
cache-miss /tmp/tmp.LVuQ3bCnqG/cross-data.elf descriptor=absent app_main=resolved app_module_init=resolved app_module_fini=resolved PASS
cache-hit /tmp/tmp.LVuQ3bCnqG/cross-data.elf descriptor=absent app_main=resolved app_module_init=resolved app_module_fini=resolved PASS
uncached /tmp/tmp.LVuQ3bCnqG/cross-data.rel.ro.elf descriptor=absent app_main=resolved app_module_init=resolved app_module_fini=resolved PASS
cache-miss /tmp/tmp.LVuQ3bCnqG/cross-data.rel.ro.elf descriptor=absent app_main=resolved app_module_init=resolved app_module_fini=resolved PASS
cache-hit /tmp/tmp.LVuQ3bCnqG/cross-data.rel.ro.elf descriptor=absent app_main=resolved app_module_init=resolved app_module_fini=resolved PASS
uncached /tmp/tmp.LVuQ3bCnqG/cross-end.elf descriptor=absent app_main=resolved app_module_init=resolved app_module_fini=resolved PASS
cache-miss /tmp/tmp.LVuQ3bCnqG/cross-end.elf descriptor=absent app_main=resolved app_module_init=resolved app_module_fini=resolved PASS
cache-hit /tmp/tmp.LVuQ3bCnqG/cross-end.elf descriptor=absent app_main=resolved app_module_init=resolved app_module_fini=resolved PASS
uncached /tmp/tmp.LVuQ3bCnqG/executable.elf descriptor=absent app_main=resolved app_module_init=resolved app_module_fini=resolved PASS
cache-miss /tmp/tmp.LVuQ3bCnqG/executable.elf descriptor=absent app_main=resolved app_module_init=resolved app_module_fini=resolved PASS
cache-hit /tmp/tmp.LVuQ3bCnqG/executable.elf descriptor=absent app_main=resolved app_module_init=resolved app_module_fini=resolved PASS
uncached /tmp/tmp.LVuQ3bCnqG/nonalloc.elf descriptor=absent app_main=resolved app_module_init=resolved app_module_fini=resolved PASS
cache-miss /tmp/tmp.LVuQ3bCnqG/nonalloc.elf descriptor=absent app_main=resolved app_module_init=resolved app_module_fini=resolved PASS
cache-hit /tmp/tmp.LVuQ3bCnqG/nonalloc.elf descriptor=absent app_main=resolved app_module_init=resolved app_module_fini=resolved PASS
uncached /tmp/tmp.LVuQ3bCnqG/outside-index.elf descriptor=absent app_main=resolved app_module_init=resolved app_module_fini=resolved PASS
cache-miss /tmp/tmp.LVuQ3bCnqG/outside-index.elf descriptor=absent app_main=resolved app_module_init=resolved app_module_fini=resolved PASS
cache-hit /tmp/tmp.LVuQ3bCnqG/outside-index.elf descriptor=absent app_main=resolved app_module_init=resolved app_module_fini=resolved PASS
uncached /tmp/tmp.LVuQ3bCnqG/oversize.elf descriptor=absent app_main=resolved app_module_init=resolved app_module_fini=resolved PASS
cache-miss /tmp/tmp.LVuQ3bCnqG/oversize.elf descriptor=absent app_main=resolved app_module_init=resolved app_module_fini=resolved PASS
cache-hit /tmp/tmp.LVuQ3bCnqG/oversize.elf descriptor=absent app_main=resolved app_module_init=resolved app_module_fini=resolved PASS
uncached /tmp/tmp.LVuQ3bCnqG/undefined.elf descriptor=absent app_main=resolved app_module_init=resolved app_module_fini=resolved PASS
cache-miss /tmp/tmp.LVuQ3bCnqG/undefined.elf descriptor=absent app_main=resolved app_module_init=resolved app_module_fini=resolved PASS
cache-hit /tmp/tmp.LVuQ3bCnqG/undefined.elf descriptor=absent app_main=resolved app_module_init=resolved app_module_fini=resolved PASS
uncached /tmp/tmp.LVuQ3bCnqG/unloaded.elf descriptor=absent app_main=resolved app_module_init=resolved app_module_fini=resolved PASS
cache-miss /tmp/tmp.LVuQ3bCnqG/unloaded.elf descriptor=absent app_main=resolved app_module_init=resolved app_module_fini=resolved PASS
cache-hit /tmp/tmp.LVuQ3bCnqG/unloaded.elf descriptor=absent app_main=resolved app_module_init=resolved app_module_fini=resolved PASS
uncached /tmp/tmp.LVuQ3bCnqG/wrong-section.elf descriptor=absent app_main=resolved app_module_init=resolved app_module_fini=resolved PASS
cache-miss /tmp/tmp.LVuQ3bCnqG/wrong-section.elf descriptor=absent app_main=resolved app_module_init=resolved app_module_fini=resolved PASS
cache-hit /tmp/tmp.LVuQ3bCnqG/wrong-section.elf descriptor=absent app_main=resolved app_module_init=resolved app_module_fini=resolved PASS
uncached /tmp/tmp.LVuQ3bCnqG/zero-size.elf descriptor=absent app_main=resolved app_module_init=resolved app_module_fini=resolved PASS
cache-miss /tmp/tmp.LVuQ3bCnqG/zero-size.elf descriptor=absent app_main=resolved app_module_init=resolved app_module_fini=resolved PASS
cache-hit /tmp/tmp.LVuQ3bCnqG/zero-size.elf descriptor=absent app_main=resolved app_module_init=resolved app_module_fini=resolved PASS
uncached /tmp/tmp.LVuQ3bCnqG/object-bss.valid descriptor=00000000000000000000000000000000 app_main=resolved app_module_init=resolved app_module_fini=resolved PASS
cache-miss /tmp/tmp.LVuQ3bCnqG/object-bss.valid descriptor=00000000000000000000000000000000 app_main=resolved app_module_init=resolved app_module_fini=resolved PASS
cache-hit /tmp/tmp.LVuQ3bCnqG/object-bss.valid descriptor=00000000000000000000000000000000 app_main=resolved app_module_init=resolved app_module_fini=resolved PASS
uncached /tmp/tmp.LVuQ3bCnqG/object-data.rel.ro.valid descriptor=8fd6010093d6010097d601009bd60100 app_main=resolved app_module_init=resolved app_module_fini=resolved PASS
cache-miss /tmp/tmp.LVuQ3bCnqG/object-data.rel.ro.valid descriptor=8fd6010093d6010097d601009bd60100 app_main=resolved app_module_init=resolved app_module_fini=resolved PASS
cache-hit /tmp/tmp.LVuQ3bCnqG/object-data.rel.ro.valid descriptor=8fd6010093d6010097d601009bd60100 app_main=resolved app_module_init=resolved app_module_fini=resolved PASS
uncached /tmp/tmp.LVuQ3bCnqG/object-data.valid descriptor=1800000000000000d045010000000000 app_main=resolved app_module_init=resolved app_module_fini=resolved PASS
cache-miss /tmp/tmp.LVuQ3bCnqG/object-data.valid descriptor=1800000000000000d045010000000000 app_main=resolved app_module_init=resolved app_module_fini=resolved PASS
cache-hit /tmp/tmp.LVuQ3bCnqG/object-data.valid descriptor=1800000000000000d045010000000000 app_main=resolved app_module_init=resolved app_module_fini=resolved PASS
