Resident .89 Runtime/Graph/ELF policy: flags PASS
Resident .89 Runtime/Graph/ELF policy: invalid PASS
Resident .89 Runtime/Graph/ELF policy: handshake PASS
Resident .89 Runtime/Graph/ELF policy: aliases PASS
Resident .89 Runtime/Graph/ELF policy: graph-busy PASS
Resident .89 Runtime/Graph/ELF policy: cleanup-isolation PASS
Resident .89 Runtime/Graph/ELF policy: chain-isolation PASS
Resident .89 Runtime/Graph/ELF policy: exit PASS
Resident .89 Runtime/Graph/ELF policy: home PASS
Resident .89 Runtime/Graph/ELF policy: old-semantics PASS
Resident .89 Runtime/Graph/ELF policy: deep-gate PASS
Resident .89 Runtime/Graph/ELF policy: malformed-controls PASS
Resident .89 Runtime/Graph/ELF policy: malformed-policy PASS
Resident .89 Runtime/Graph/ELF policy: malformed-inhibited PASS
Resident .89 Runtime/Graph/ELF policy: malformed-busy PASS
Resident .89 Runtime/Graph/ELF policy: malformed-exit PASS
Resident .89 Runtime/Graph/ELF policy: malformed-failed PASS
Resident .89 Runtime/Graph/ELF policy: malformed-exit-request PASS
Resident .89 Runtime/Graph/ELF policy: malformed-bits PASS
Resident .89 Runtime/Graph/ELF policy: malformed-size PASS
Resident .89 Runtime/Graph/ELF policy: malformed-busy-redraw PASS
Resident .89 Runtime/Graph/ELF policy: retained-callback PASS
Resident .89 Runtime/Graph/ELF policy: retained-restoration PASS
Resident .89 Runtime/Graph/ELF policy: retained-stream PASS
Resident .89 Runtime/Graph/ELF policy: retained-unsafe-poll PASS
